// Jest Snapshot v1, https://goo.gl/fbAQLP

exports[`CustomButton renders 1`] = `
<div>
  <div
    class="sc-bdvuGq kSiELm"
  >
    <button
      class="MuiButtonBase-root MuiButton-root MuiButton-contained MuiButton-containedPrimary MuiButton-sizeMedium MuiButton-containedSizeMedium MuiButton-root MuiButton-contained MuiButton-containedPrimary MuiButton-sizeMedium MuiButton-containedSizeMedium css-sghohy-MuiButtonBase-root-MuiButton-root"
      data-testid="shuffle-button"
      tabindex="0"
      type="button"
    >
      Shuffle
      <span
        class="MuiTouchRipple-root css-8je8zh-MuiTouchRipple-root"
      />
    </button>
  </div>
</div>
`;
