// Jest Snapshot v1, https://goo.gl/fbAQLP

exports[`CustomButton renders 1`] = `
<div>
  <div
    class="sc-bXdtCk lfUsMd"
  >
    <button
      class="MuiButtonBase-root MuiButton-root MuiButton-contained MuiButton-containedPrimary MuiButton-sizeMedium MuiButton-containedSizeMedium MuiButton-colorPrimary MuiButton-root MuiButton-contained MuiButton-containedPrimary MuiButton-sizeMedium MuiButton-containedSizeMedium MuiButton-colorPrimary css-74d805-MuiButtonBase-root-MuiButton-root"
      data-testid="shuffle-button"
      tabindex="0"
      type="button"
    >
      Shuffle
    </button>
  </div>
</div>
`;
