// Jest Snapshot v1, https://goo.gl/fbAQLP

exports[`CountryResults renders 1`] = `
<div>
  <div>
    <br />
    <div
      class="sc-aYaIB ifiJgs"
    >
      <div
        class="MuiPaper-root MuiPaper-elevation MuiPaper-elevation1 MuiCard-root css-1vqzrnv-MuiPaper-root-MuiCard-root"
        data-testid="name-card"
      />
    </div>
    <br />
    <div>
      <div
        class="sc-gEvDqW jlhBWw"
      >
        <button
          class="MuiButtonBase-root MuiButton-root MuiButton-contained MuiButton-containedPrimary MuiButton-sizeMedium MuiButton-containedSizeMedium MuiButton-colorPrimary MuiButton-root MuiButton-contained MuiButton-containedPrimary MuiButton-sizeMedium MuiButton-containedSizeMedium MuiButton-colorPrimary css-sghohy-MuiButtonBase-root-MuiButton-root"
          data-testid="shuffle-button"
          tabindex="0"
          type="button"
        >
          Shuffle
          <span
            class="MuiTouchRipple-root css-8je8zh-MuiTouchRipple-root"
          />
        </button>
      </div>
    </div>
  </div>
</div>
`;
