// Jest Snapshot v1, https://goo.gl/fbAQLP

exports[`CountryResults renders 1`] = `
<div>
  <div>
    <br />
    <div
      class="sc-bXdtCk gHaEXV"
    >
      <div
        class="MuiPaper-root MuiPaper-elevation MuiPaper-elevation1 MuiCard-root css-1fcgr4r-MuiPaper-root-MuiCard-root"
        data-testid="name-card"
        style="--Paper-shadow: 0px 2px 1px -1px rgba(0,0,0,0.2),0px 1px 1px 0px rgba(0,0,0,0.14),0px 1px 3px 0px rgba(0,0,0,0.12);"
      />
    </div>
    <br />
    <div>
      <div
        class="sc-hKDTPf epahpa"
      >
        <button
          class="MuiButtonBase-root MuiButton-root MuiButton-contained MuiButton-containedPrimary MuiButton-sizeMedium MuiButton-containedSizeMedium MuiButton-colorPrimary MuiButton-root MuiButton-contained MuiButton-containedPrimary MuiButton-sizeMedium MuiButton-containedSizeMedium MuiButton-colorPrimary css-74d805-MuiButtonBase-root-MuiButton-root"
          data-testid="shuffle-button"
          tabindex="0"
          type="button"
        >
          Shuffle
        </button>
      </div>
    </div>
  </div>
</div>
`;
